
There are no discarded input sections

Memory Configuration

Name             Origin             Length             Attributes
*default*        0x00000000         0xffffffff

Linker script and memory map

Address of section .text set to 0x0
LOAD /tmp/ccpIWJWl.ltrans0.ltrans.o
LOAD /tmp/ccW5ZZ2l.debug.temp.o
LOAD /tmp/ccSOpXKo.debug.temp.o
LOAD obj/gcc8_a_support.o
LOAD obj/depacker_doynax.o
LOAD obj/depacker_doynax_vasm.o
                [!provide]                        PROVIDE (__executable_start = SEGMENT_START ("text-segment", 0x80000000))
                0x80000074                        . = (SEGMENT_START ("text-segment", 0x80000000) + SIZEOF_HEADERS)

.interp
 *(.interp)

.note.gnu.build-id
 *(.note.gnu.build-id)

.hash
 *(.hash)

.gnu.hash
 *(.gnu.hash)

.dynsym
 *(.dynsym)

.dynstr
 *(.dynstr)

.gnu.version
 *(.gnu.version)

.gnu.version_d
 *(.gnu.version_d)

.gnu.version_r
 *(.gnu.version_r)

.rela.dyn       0x80000074        0x0
 *(.rela.init)
 *(.rela.text .rela.text.* .rela.gnu.linkonce.t.*)
 *(.rela.fini)
 *(.rela.rodata .rela.rodata.* .rela.gnu.linkonce.r.*)
 *(.rela.data .rela.data.* .rela.gnu.linkonce.d.*)
 *(.rela.tdata .rela.tdata.* .rela.gnu.linkonce.td.*)
 *(.rela.tbss .rela.tbss.* .rela.gnu.linkonce.tb.*)
 *(.rela.ctors)
 *(.rela.dtors)
 *(.rela.got)
 *(.rela.bss .rela.bss.* .rela.gnu.linkonce.b.*)
                [!provide]                        PROVIDE (__rela_iplt_start = .)
 *(.rela.iplt)
                [!provide]                        PROVIDE (__rela_iplt_end = .)

.rela.plt
 *(.rela.plt)

.init
 *(SORT_NONE(.init))

.plt
 *(.plt)

.iplt
 *(.iplt)

.text           0x00000000     0x1746
 *(.text.unlikely .text.*_unlikely .text.unlikely.*)
 .text.unlikely
                0x00000000       0x8c /tmp/ccpIWJWl.ltrans0.ltrans.o
                0x00000000                _start
 *(.text.exit .text.exit.*)
 *(.text.startup .text.startup.*)
 .text.startup  0x0000008c      0xdb8 /tmp/ccpIWJWl.ltrans0.ltrans.o
                0x0000008c                main
 *(.text.hot .text.hot.*)
 *(SORT_BY_NAME(.text.sorted.*))
 *(.text .stub .text.* .gnu.linkonce.t.*)
 .text          0x00000e44      0x722 /tmp/ccpIWJWl.ltrans0.ltrans.o
                0x000012b4                strlen
                0x000012cc                memset
                0x00001438                memcpy
                0x000014b8                memmove
 *fill*         0x00001566        0x2 4e714e71
 .text          0x00001568      0x10c obj/gcc8_a_support.o
                0x00001568                __mulsi3
                0x0000158a                __udivsi3
                0x000015e6                __divsi3
                0x00001610                __modsi3
                0x00001638                __umodsi3
                0x00001662                KPutCharX
                0x00001670                PutChar
 .text          0x00001674       0xd2 obj/depacker_doynax.o
                0x00001674                _doynaxdepack_asm
 *(.gnu.warning)

CODE            0x00001746       0xd2
 CODE           0x00001746       0xd2 obj/depacker_doynax_vasm.o
                0x00001746                _doynaxdepack_vasm

.fini
 *(SORT_NONE(.fini))
                [!provide]                        PROVIDE (__etext = .)
                [!provide]                        PROVIDE (_etext = .)
                [!provide]                        PROVIDE (etext = .)

.rodata         0x00001818     0x1bca
 *(.rodata .rodata.* .gnu.linkonce.r.*)
 .rodata        0x00001818     0x1bca /tmp/ccpIWJWl.ltrans0.ltrans.o
                0x00001818                incbin_colors_start
                0x00001858                incbin_colors_end
                0x0000185a                incbin_player_start
                0x000031c0                incbin_player_end

.MEMF_CHIP      0x000033e2       0x80
 .MEMF_CHIP     0x000033e2       0x80 /tmp/ccpIWJWl.ltrans0.ltrans.o

.rodata1
 *(.rodata1)

.eh_frame_hdr
 *(.eh_frame_hdr)
 *(.eh_frame_entry .eh_frame_entry.*)

.eh_frame
 *(.eh_frame)
 *(.eh_frame.*)

.sframe
 *(.sframe)
 *(.sframe.*)

.gcc_except_table
 *(.gcc_except_table .gcc_except_table.*)

.gnu_extab
 *(.gnu_extab*)

.exception_ranges
 *(.exception_ranges*)
                0x00004000                        . = DATA_SEGMENT_ALIGN (CONSTANT (MAXPAGESIZE), CONSTANT (COMMONPAGESIZE))

.eh_frame
 *(.eh_frame)
 *(.eh_frame.*)

.sframe
 *(.sframe)
 *(.sframe.*)

.gnu_extab
 *(.gnu_extab)

.gcc_except_table
 *(.gcc_except_table .gcc_except_table.*)

.exception_ranges
 *(.exception_ranges*)

.tdata          0x00004000        0x0
                [!provide]                        PROVIDE (__tdata_start = .)
 *(.tdata .tdata.* .gnu.linkonce.td.*)

.tbss
 *(.tbss .tbss.* .gnu.linkonce.tb.*)
 *(.tcommon)

.preinit_array  0x00004000        0x0
                0x00004000                        PROVIDE (__preinit_array_start = .)
 *(.preinit_array)
                0x00004000                        PROVIDE (__preinit_array_end = .)

.init_array     0x00004000        0x0
                0x00004000                        PROVIDE (__init_array_start = .)
 *(SORT_BY_INIT_PRIORITY(.init_array.*) SORT_BY_INIT_PRIORITY(.ctors.*))
 *(.init_array EXCLUDE_FILE(*crtend?.o *crtend.o *crtbegin?.o *crtbegin.o) .ctors)
                0x00004000                        PROVIDE (__init_array_end = .)

.fini_array     0x00004000        0x0
                0x00004000                        PROVIDE (__fini_array_start = .)
 *(SORT_BY_INIT_PRIORITY(.fini_array.*) SORT_BY_INIT_PRIORITY(.dtors.*))
 *(.fini_array EXCLUDE_FILE(*crtend?.o *crtend.o *crtbegin?.o *crtbegin.o) .dtors)
                0x00004000                        PROVIDE (__fini_array_end = .)

.ctors
 *crtbegin.o(.ctors)
 *crtbegin?.o(.ctors)
 *(EXCLUDE_FILE(*crtend?.o *crtend.o) .ctors)
 *(SORT_BY_NAME(.ctors.*))
 *(.ctors)

.dtors
 *crtbegin.o(.dtors)
 *crtbegin?.o(.dtors)
 *(EXCLUDE_FILE(*crtend?.o *crtend.o) .dtors)
 *(SORT_BY_NAME(.dtors.*))
 *(.dtors)

.jcr
 *(.jcr)

.data.rel.ro
 *(.data.rel.ro.local* .gnu.linkonce.d.rel.ro.local.*)
 *(.data.rel.ro .data.rel.ro.* .gnu.linkonce.d.rel.ro.*)

.dynamic
 *(.dynamic)
                0x00004000                        . = DATA_SEGMENT_RELRO_END (., 0x0)

.got
 *(.got.plt)
 *(.igot.plt)
 *(.got)
 *(.igot)

.data           0x00004000        0x0
 *(.data .data.* .gnu.linkonce.d.*)
 .data          0x00004000        0x0 /tmp/ccpIWJWl.ltrans0.ltrans.o
 .data          0x00004000        0x0 obj/gcc8_a_support.o
 .data          0x00004000        0x0 obj/depacker_doynax.o

.INCBIN.MEMF_CHIP
                0x00004000     0xeb7d
 .INCBIN.MEMF_CHIP
                0x00004000     0xeb7d /tmp/ccpIWJWl.ltrans0.ltrans.o
                0x00004000                incbin_image_start
                0x00010800                incbin_image_end
                0x00010802                incbin_bob_start
                0x00011702                incbin_bob_end
                0x00011704                incbin_module_start
                0x00012b7c                incbin_module_end

.data1
 *(.data1)
                0x00012b7d                        _edata = .
                [!provide]                        PROVIDE (edata = .)
                0x00012b7d                        . = .
                0x00012b7d                        __bss_start = .

.bss            0x00012b80       0x28
 *(.dynbss)
 *(.bss .bss.* .gnu.linkonce.b.*)
 .bss           0x00012b80       0x28 /tmp/ccpIWJWl.ltrans0.ltrans.o
 .bss           0x00012ba8        0x0 obj/gcc8_a_support.o
 .bss           0x00012ba8        0x0 obj/depacker_doynax.o
 *(COMMON)
                0x00012ba8                        . = ALIGN ((. != 0x0)?0x4:0x1)
                0x00012ba8                        . = ALIGN (0x4)
                0x00012ba8                        . = SEGMENT_START ("ldata-segment", .)
                0x00012ba8                        . = ALIGN (0x4)
                0x00012ba8                        _end = .
                [!provide]                        PROVIDE (end = .)
                0x00012ba8                        . = DATA_SEGMENT_END (.)

.stab
 *(.stab)

.stabstr
 *(.stabstr)

.stab.excl
 *(.stab.excl)

.stab.exclstr
 *(.stab.exclstr)

.stab.index
 *(.stab.index)

.stab.indexstr
 *(.stab.indexstr)

.comment        0x00000000       0x12
 *(.comment)
 .comment       0x00000000       0x12 /tmp/ccpIWJWl.ltrans0.ltrans.o
                                 0x13 (size before relaxing)
 .comment       0x00000012       0x13 /tmp/ccW5ZZ2l.debug.temp.o
 .comment       0x00000012       0x13 /tmp/ccSOpXKo.debug.temp.o

.gnu.build.attributes
 *(.gnu.build.attributes .gnu.build.attributes.*)

.debug
 *(.debug)

.line
 *(.line)

.debug_srcinfo
 *(.debug_srcinfo)

.debug_sfnames
 *(.debug_sfnames)

.debug_aranges  0x00000000       0x90
 *(.debug_aranges)
 .debug_aranges
                0x00000000       0x30 /tmp/ccpIWJWl.ltrans0.ltrans.o
 .debug_aranges
                0x00000030       0x20 obj/gcc8_a_support.o
 .debug_aranges
                0x00000050       0x20 obj/depacker_doynax.o
 .debug_aranges
                0x00000070       0x20 obj/depacker_doynax_vasm.o

.debug_pubnames
 *(.debug_pubnames)

.debug_info     0x00000000     0x7087
 *(.debug_info .gnu.linkonce.wi.*)
 .debug_info    0x00000000     0x19d2 /tmp/ccpIWJWl.ltrans0.ltrans.o
 .debug_info    0x000019d2     0x4822 /tmp/ccW5ZZ2l.debug.temp.o
                0x000019d2                main.c.47ee284f
 .debug_info    0x000061f4      0xd24 /tmp/ccSOpXKo.debug.temp.o
                0x000061f4                gcc8_c_support.c.7676c16e
 .debug_info    0x00006f18       0x89 obj/gcc8_a_support.o
 .debug_info    0x00006fa1       0x35 obj/depacker_doynax.o
 .debug_info    0x00006fd6       0xb1 obj/depacker_doynax_vasm.o

.debug_abbrev   0x00000000      0x7de
 *(.debug_abbrev)
 .debug_abbrev  0x00000000      0x1c0 /tmp/ccpIWJWl.ltrans0.ltrans.o
 .debug_abbrev  0x000001c0      0x361 /tmp/ccW5ZZ2l.debug.temp.o
 .debug_abbrev  0x00000521      0x269 /tmp/ccSOpXKo.debug.temp.o
 .debug_abbrev  0x0000078a       0x21 obj/gcc8_a_support.o
 .debug_abbrev  0x000007ab       0x21 obj/depacker_doynax.o
 .debug_abbrev  0x000007cc       0x12 obj/depacker_doynax_vasm.o

.debug_line     0x00000000     0x46f0
 *(.debug_line .debug_line.* .debug_line_end)
 .debug_line    0x00000000     0x3d1f /tmp/ccpIWJWl.ltrans0.ltrans.o
 .debug_line    0x00003d1f      0x544 /tmp/ccW5ZZ2l.debug.temp.o
 .debug_line    0x00004263      0x1f9 /tmp/ccSOpXKo.debug.temp.o
 .debug_line    0x0000445c       0xea obj/gcc8_a_support.o
 .debug_line    0x00004546       0xc8 obj/depacker_doynax.o
 .debug_line    0x0000460e       0xe2 obj/depacker_doynax_vasm.o

.debug_frame    0x00000000      0x5b8
 *(.debug_frame)
 .debug_frame   0x00000000      0x4ec /tmp/ccpIWJWl.ltrans0.ltrans.o
 .debug_frame   0x000004ec       0xcc obj/gcc8_a_support.o

.debug_str      0x00000000      0x31c
 *(.debug_str)
 .debug_str     0x00000000        0x0 /tmp/ccpIWJWl.ltrans0.ltrans.o
 .debug_str     0x00000000      0x15e /tmp/ccW5ZZ2l.debug.temp.o
 .debug_str     0x0000015e       0x8a /tmp/ccSOpXKo.debug.temp.o
 .debug_str     0x000001e8      0x134 obj/gcc8_a_support.o
                                 0xd3 (size before relaxing)
 .debug_str     0x0000031c       0xa5 obj/depacker_doynax.o

.debug_loc
 *(.debug_loc)

.debug_macinfo
 *(.debug_macinfo)

.debug_weaknames
 *(.debug_weaknames)

.debug_funcnames
 *(.debug_funcnames)

.debug_typenames
 *(.debug_typenames)

.debug_varnames
 *(.debug_varnames)

.debug_pubtypes
 *(.debug_pubtypes)

.debug_ranges   0x00000000       0x18
 *(.debug_ranges)
 .debug_ranges  0x00000000       0x18 obj/depacker_doynax_vasm.o

.debug_addr
 *(.debug_addr)

.debug_line_str
 *(.debug_line_str)

.debug_loclists
                0x00000000     0x1bf5
 *(.debug_loclists)
 .debug_loclists
                0x00000000     0x1bf5 /tmp/ccpIWJWl.ltrans0.ltrans.o

.debug_macro
 *(.debug_macro)

.debug_names
 *(.debug_names)

.debug_rnglists
                0x00000000      0x475
 *(.debug_rnglists)
 .debug_rnglists
                0x00000000      0x475 /tmp/ccpIWJWl.ltrans0.ltrans.o

.debug_str_offsets
 *(.debug_str_offsets)

.debug_sup
 *(.debug_sup)

.gnu.attributes
 *(.gnu.attributes)

/DISCARD/
 *(.note.GNU-stack)
 *(.gnu_debuglink)
 *(.gnu.lto_*)
OUTPUT(out/a.elf elf32-m68k)
